Asus@DESKTOP-HC48EFA MINGW64 /c/Gitcode
$ cd ..

Asus@DESKTOP-HC48EFA MINGW64 /c
$ cd

Asus@DESKTOP-HC48EFA MINGW64 ~
$ pwd
/c/Users/Asus

Asus@DESKTOP-HC48EFA MINGW64 ~
$ cd Gitcode
bash: cd: Gitcode: No such file or directory

Asus@DESKTOP-HC48EFA MINGW64 ~
$ cd c
bash: cd: c: No such file or directory

Asus@DESKTOP-HC48EFA MINGW64 ~
$ cd /c

Asus@DESKTOP-HC48EFA MINGW64 /c
$ cd Gitcode

Asus@DESKTOP-HC48EFA MINGW64 /c/Gitcode
$

Asus@DESKTOP-HC48EFA MINGW64 /c/Gitcode
$ git status
fatal: not a git repository (or any of the parent directories): .git

Asus@DESKTOP-HC48EFA MINGW64 /c/Gitcode
$ git init
Initialized empty Git repository in C:/Gitcode/.git/

Asus@DESKTOP-HC48EFA MINGW64 /c/Gitcode (master)
$ git add .

Asus@DESKTOP-HC48EFA MINGW64 /c/Gitcode (master)
$ git status
On branch master

No commits yet

Changes to be committed:
  (use "git rm --cached <file>..." to unstage)
        new file:   text document.txt


Asus@DESKTOP-HC48EFA MINGW64 /c/Gitcode (master)
$

Asus@DESKTOP-HC48EFA MINGW64 /c/Gitcode (master)
$ git commit -m "wrote the data"
Author identity unknown

*** Please tell me who you are.

Run

  git config --global user.email "you@example.com"
  git config --global user.name "Your Name"

to set your account's default identity.
Omit --global to set the identity only in this repository.

fatal: unable to auto-detect email address (got 'Asus@DESKTOP-HC48EFA.(none)')

Asus@DESKTOP-HC48EFA MINGW64 /c/Gitcode (master)
$ git config --global user.Atchireddy11431 "Atchireddy"

Asus@DESKTOP-HC48EFA MINGW64 /c/Gitcode (master)
$ git config --global user.name "Atchireddy11431"

Asus@DESKTOP-HC48EFA MINGW64 /c/Gitcode (master)
$ git config --global user.email "atchireddy.ece15@gmail.com"

Asus@DESKTOP-HC48EFA MINGW64 /c/Gitcode (master)
$ git commit -m "for moving"
[master (root-commit) e7105cb] for moving
 1 file changed, 1 insertion(+)
 create mode 100644 text document.txt

Asus@DESKTOP-HC48EFA MINGW64 /c/Gitcode (master)
$ git status
On branch master
nothing to commit, working tree clean

Asus@DESKTOP-HC48EFA MINGW64 /c/Gitcode (master)
$ git remote add origin "^[[200~https://github.com/Atchireddy11431/Atchi.git~"

Asus@DESKTOP-HC48EFA MINGW64 /c/Gitcode (master)
$ git remote -v
origin  https://github.com/Atchireddy11431/Atchi.git~ (fetch)
origin  https://github.com/Atchireddy11431/Atchi.git~ (push)

Asus@DESKTOP-HC48EFA MINGW64 /c/Gitcode (master)
$ git push -u origin master
fatal: protocol '?[200~https' is not supported

Asus@DESKTOP-HC48EFA MINGW64 /c/Gitcode (master)
$ git remote add origin "https://github.com/Atchireddy11431/Atchi.git"
error: remote origin already exists.

Asus@DESKTOP-HC48EFA MINGW64 /c/Gitcode (master)
$ git push -u origin master
fatal: protocol '?[200~https' is not supported

Asus@DESKTOP-HC48EFA MINGW64 /c/Gitcode (master)
$ git push origin main
error: src refspec main does not match any
error: failed to push some refs to '?[200~https://github.com/Atchireddy11431/Atchi.git~'

Asus@DESKTOP-HC48EFA MINGW64 /c/Gitcode (master)
$ git push origin master
fatal: protocol '?[200~https' is not supported

Asus@DESKTOP-HC48EFA MINGW64 /c/Gitcode (master)
$ git remote -v
origin  https://github.com/Atchireddy11431/Atchi.git~ (fetch)
origin  https://github.com/Atchireddy11431/Atchi.git~ (push)

Asus@DESKTOP-HC48EFA MINGW64 /c/Gitcode (master)
$ git remote remove origin

Asus@DESKTOP-HC48EFA MINGW64 /c/Gitcode (master)
$ git remote -v

Asus@DESKTOP-HC48EFA MINGW64 /c/Gitcode (master)
$ git remote add origin "https://github.com/Atchireddy11431/Atchi.git"

Asus@DESKTOP-HC48EFA MINGW64 /c/Gitcode (master)
$ git push origin master
Enumerating objects: 3, done.
Counting objects: 100% (3/3), done.
Writing objects: 100% (3/3), 235 bytes | 117.00 KiB/s, done.
Total 3 (delta 0), reused 0 (delta 0), pack-reused 0
remote:
remote: Create a pull request for 'master' on GitHub by visiting:
remote:      https://github.com/Atchireddy11431/Atchi/pull/new/master
remote:
To https://github.com/Atchireddy11431/Atchi.git
 * [new branch]      master -> master

Asus@DESKTOP-HC48EFA MINGW64 /c/Gitcode (master)